     6,./stratigraphy-paleontology/U+00C0-CPRMStratigrPaleontRegular.svg,<?xml version="1.0" encoding="UTF-8" standalone="no"?>,<!-- Creator: CorelDRAW -->
    13,./stratigraphy-paleontology/U+00D6-CPRMStratigrPaleontRegular.svg,<?xml version="1.0" encoding="UTF-8" standalone="no"?>,<!-- Creator: CorelDRAW -->
    43,./stratigraphy-paleontology/U+00BE-CPRMStratigrPaleontRegular.svg,<?xml version="1.0" encoding="UTF-8" standalone="no"?>,<!-- Creator: CorelDRAW -->
    60,./stratigraphy-paleontology/U+00D2-CPRMStratigrPaleontRegular.svg,<?xml version="1.0" encoding="UTF-8" standalone="no"?>,<!-- Creator: CorelDRAW -->
    62,./stratigraphy-paleontology/U+00DE-CPRMStratigrPaleontRegular.svg,<?xml version="1.0" encoding="UTF-8" standalone="no"?>,<!-- Creator: CorelDRAW -->
    63,./stratigraphy-paleontology/U+00BB-CPRMStratigrPaleontRegular.svg,<?xml version="1.0" encoding="UTF-8" standalone="no"?>,<!-- Creator: CorelDRAW -->
    91,./stratigraphy-paleontology/U+00B6-CPRMStratigrPaleontRegular.svg,<?xml version="1.0" encoding="UTF-8" standalone="no"?>,<!-- Creator: CorelDRAW -->
    95,./stratigraphy-paleontology/U+00B7-CPRMStratigrPaleontRegular.svg,<?xml version="1.0" encoding="UTF-8" standalone="no"?>,<!-- Creator: CorelDRAW -->
   110,./stratigraphy-paleontology/U+00DC-CPRMStratigrPaleontRegular.svg,<?xml version="1.0" encoding="UTF-8" standalone="no"?>,<!-- Creator: CorelDRAW -->
