     1,./stratigraphy-paleontology/U+00BD-CPRMStratigrPaleontRegular.svg,<?xml version="1.0" standalone="no"?>,<!DOCTYPE svg PUBLIC "-//W3C//DTD SVG 1.1//EN" "http://www.w3.org/Graphics/SVG/1.1/DTD/svg11.dtd" >
     2,./stratigraphy-paleontology/U+002F-CPRMStratigrPaleontRegular.svg,<?xml version="1.0" standalone="no"?>,<!DOCTYPE svg PUBLIC "-//W3C//DTD SVG 1.1//EN" "http://www.w3.org/Graphics/SVG/1.1/DTD/svg11.dtd" >
     3,./stratigraphy-paleontology/U+00C6-CPRMStratigrPaleontRegular.svg,<?xml version="1.0" standalone="no"?>,<!DOCTYPE svg PUBLIC "-//W3C//DTD SVG 1.1//EN" "http://www.w3.org/Graphics/SVG/1.1/DTD/svg11.dtd" >
     4,./stratigraphy-paleontology/U+0044-CPRMStratigrPaleontRegular.svg,<?xml version="1.0" standalone="no"?>,<!DOCTYPE svg PUBLIC "-//W3C//DTD SVG 1.1//EN" "http://www.w3.org/Graphics/SVG/1.1/DTD/svg11.dtd" >
    10,./stratigraphy-paleontology/U+00BF-CPRMStratigrPaleontRegular.svg,<?xml version="1.0" standalone="no"?>,<!DOCTYPE svg PUBLIC "-//W3C//DTD SVG 1.1//EN" "http://www.w3.org/Graphics/SVG/1.1/DTD/svg11.dtd" >
    11,./stratigraphy-paleontology/U+0048-CPRMStratigrPaleontRegular.svg,<?xml version="1.0" standalone="no"?>,<!DOCTYPE svg PUBLIC "-//W3C//DTD SVG 1.1//EN" "http://www.w3.org/Graphics/SVG/1.1/DTD/svg11.dtd" >
    14,./stratigraphy-paleontology/U+00B0-CPRMStratigrPaleontRegular.svg,<?xml version="1.0" standalone="no"?>,<!DOCTYPE svg PUBLIC "-//W3C//DTD SVG 1.1//EN" "http://www.w3.org/Graphics/SVG/1.1/DTD/svg11.dtd" >
    15,./stratigraphy-paleontology/U+00B1-CPRMStratigrPaleontRegular.svg,<?xml version="1.0" standalone="no"?>,<!DOCTYPE svg PUBLIC "-//W3C//DTD SVG 1.1//EN" "http://www.w3.org/Graphics/SVG/1.1/DTD/svg11.dtd" >
    16,./stratigraphy-paleontology/U+0025-CPRMStratigrPaleontRegular.svg,<?xml version="1.0" standalone="no"?>,<!DOCTYPE svg PUBLIC "-//W3C//DTD SVG 1.1//EN" "http://www.w3.org/Graphics/SVG/1.1/DTD/svg11.dtd" >
    17,./stratigraphy-paleontology/U+004B-CPRMStratigrPaleontRegular.svg,<?xml version="1.0" standalone="no"?>,<!DOCTYPE svg PUBLIC "-//W3C//DTD SVG 1.1//EN" "http://www.w3.org/Graphics/SVG/1.1/DTD/svg11.dtd" >
    18,./stratigraphy-paleontology/U+004C-CPRMStratigrPaleontRegular.svg,<?xml version="1.0" standalone="no"?>,<!DOCTYPE svg PUBLIC "-//W3C//DTD SVG 1.1//EN" "http://www.w3.org/Graphics/SVG/1.1/DTD/svg11.dtd" >
    19,./stratigraphy-paleontology/U+0035-CPRMStratigrPaleontRegular.svg,<?xml version="1.0" standalone="no"?>,<!DOCTYPE svg PUBLIC "-//W3C//DTD SVG 1.1//EN" "http://www.w3.org/Graphics/SVG/1.1/DTD/svg11.dtd" >
    20,./stratigraphy-paleontology/U+0052-CPRMStratigrPaleontRegular.svg,<?xml version="1.0" standalone="no"?>,<!DOCTYPE svg PUBLIC "-//W3C//DTD SVG 1.1//EN" "http://www.w3.org/Graphics/SVG/1.1/DTD/svg11.dtd" >
    21,./stratigraphy-paleontology/U+0033-CPRMStratigrPaleontRegular.svg,<?xml version="1.0" standalone="no"?>,<!DOCTYPE svg PUBLIC "-//W3C//DTD SVG 1.1//EN" "http://www.w3.org/Graphics/SVG/1.1/DTD/svg11.dtd" >
    22,./stratigraphy-paleontology/U+005A-CPRMStratigrPaleontRegular.svg,<?xml version="1.0" standalone="no"?>,<!DOCTYPE svg PUBLIC "-//W3C//DTD SVG 1.1//EN" "http://www.w3.org/Graphics/SVG/1.1/DTD/svg11.dtd" >
    23,./stratigraphy-paleontology/U+0049-CPRMStratigrPaleontRegular.svg,<?xml version="1.0" standalone="no"?>,<!DOCTYPE svg PUBLIC "-//W3C//DTD SVG 1.1//EN" "http://www.w3.org/Graphics/SVG/1.1/DTD/svg11.dtd" >
    24,./stratigraphy-paleontology/U+0058-CPRMStratigrPaleontRegular.svg,<?xml version="1.0" standalone="no"?>,<!DOCTYPE svg PUBLIC "-//W3C//DTD SVG 1.1//EN" "http://www.w3.org/Graphics/SVG/1.1/DTD/svg11.dtd" >
    25,./stratigraphy-paleontology/U+00D3-CPRMStratigrPaleontRegular.svg,<?xml version="1.0" standalone="no"?>,<!DOCTYPE svg PUBLIC "-//W3C//DTD SVG 1.1//EN" "http://www.w3.org/Graphics/SVG/1.1/DTD/svg11.dtd" >
    27,./stratigraphy-paleontology/U+0042-CPRMStratigrPaleontRegular.svg,<?xml version="1.0" standalone="no"?>,<!DOCTYPE svg PUBLIC "-//W3C//DTD SVG 1.1//EN" "http://www.w3.org/Graphics/SVG/1.1/DTD/svg11.dtd" >
    28,./stratigraphy-paleontology/U+0059-CPRMStratigrPaleontRegular.svg,<?xml version="1.0" standalone="no"?>,<!DOCTYPE svg PUBLIC "-//W3C//DTD SVG 1.1//EN" "http://www.w3.org/Graphics/SVG/1.1/DTD/svg11.dtd" >
    29,./stratigraphy-paleontology/U+0054-CPRMStratigrPaleontRegular.svg,<?xml version="1.0" standalone="no"?>,<!DOCTYPE svg PUBLIC "-//W3C//DTD SVG 1.1//EN" "http://www.w3.org/Graphics/SVG/1.1/DTD/svg11.dtd" >
    30,./stratigraphy-paleontology/U+0037-CPRMStratigrPaleontRegular.svg,<?xml version="1.0" standalone="no"?>,<!DOCTYPE svg PUBLIC "-//W3C//DTD SVG 1.1//EN" "http://www.w3.org/Graphics/SVG/1.1/DTD/svg11.dtd" >
    31,./stratigraphy-paleontology/U+00C5-CPRMStratigrPaleontRegular.svg,<?xml version="1.0" standalone="no"?>,<!DOCTYPE svg PUBLIC "-//W3C//DTD SVG 1.1//EN" "http://www.w3.org/Graphics/SVG/1.1/DTD/svg11.dtd" >
    33,./stratigraphy-paleontology/U+00B5-CPRMStratigrPaleontRegular.svg,<?xml version="1.0" standalone="no"?>,<!DOCTYPE svg PUBLIC "-//W3C//DTD SVG 1.1//EN" "http://www.w3.org/Graphics/SVG/1.1/DTD/svg11.dtd" >
    34,./stratigraphy-paleontology/U+004F-CPRMStratigrPaleontRegular.svg,<?xml version="1.0" standalone="no"?>,<!DOCTYPE svg PUBLIC "-//W3C//DTD SVG 1.1//EN" "http://www.w3.org/Graphics/SVG/1.1/DTD/svg11.dtd" >
    36,./stratigraphy-paleontology/U+003B-CPRMStratigrPaleontRegular.svg,<?xml version="1.0" standalone="no"?>,<!DOCTYPE svg PUBLIC "-//W3C//DTD SVG 1.1//EN" "http://www.w3.org/Graphics/SVG/1.1/DTD/svg11.dtd" >
    37,./stratigraphy-paleontology/U+00B2-CPRMStratigrPaleontRegular.svg,<?xml version="1.0" standalone="no"?>,<!DOCTYPE svg PUBLIC "-//W3C//DTD SVG 1.1//EN" "http://www.w3.org/Graphics/SVG/1.1/DTD/svg11.dtd" >
    38,./stratigraphy-paleontology/U+00C9-CPRMStratigrPaleontRegular.svg,<?xml version="1.0" standalone="no"?>,<!DOCTYPE svg PUBLIC "-//W3C//DTD SVG 1.1//EN" "http://www.w3.org/Graphics/SVG/1.1/DTD/svg11.dtd" >
    40,./stratigraphy-paleontology/U+00CD-CPRMStratigrPaleontRegular.svg,<?xml version="1.0" standalone="no"?>,<!DOCTYPE svg PUBLIC "-//W3C//DTD SVG 1.1//EN" "http://www.w3.org/Graphics/SVG/1.1/DTD/svg11.dtd" >
    41,./stratigraphy-paleontology/U+0034-CPRMStratigrPaleontRegular.svg,<?xml version="1.0" standalone="no"?>,<!DOCTYPE svg PUBLIC "-//W3C//DTD SVG 1.1//EN" "http://www.w3.org/Graphics/SVG/1.1/DTD/svg11.dtd" >
    42,./stratigraphy-paleontology/U+0032-CPRMStratigrPaleontRegular.svg,<?xml version="1.0" standalone="no"?>,<!DOCTYPE svg PUBLIC "-//W3C//DTD SVG 1.1//EN" "http://www.w3.org/Graphics/SVG/1.1/DTD/svg11.dtd" >
    45,./stratigraphy-paleontology/U+003A-CPRMStratigrPaleontRegular.svg,<?xml version="1.0" standalone="no"?>,<!DOCTYPE svg PUBLIC "-//W3C//DTD SVG 1.1//EN" "http://www.w3.org/Graphics/SVG/1.1/DTD/svg11.dtd" >
    46,./stratigraphy-paleontology/U+0039-CPRMStratigrPaleontRegular.svg,<?xml version="1.0" standalone="no"?>,<!DOCTYPE svg PUBLIC "-//W3C//DTD SVG 1.1//EN" "http://www.w3.org/Graphics/SVG/1.1/DTD/svg11.dtd" >
    47,./stratigraphy-paleontology/U+004D-CPRMStratigrPaleontRegular.svg,<?xml version="1.0" standalone="no"?>,<!DOCTYPE svg PUBLIC "-//W3C//DTD SVG 1.1//EN" "http://www.w3.org/Graphics/SVG/1.1/DTD/svg11.dtd" >
    48,./stratigraphy-paleontology/U+00D1-CPRMStratigrPaleontRegular.svg,<?xml version="1.0" standalone="no"?>,<!DOCTYPE svg PUBLIC "-//W3C//DTD SVG 1.1//EN" "http://www.w3.org/Graphics/SVG/1.1/DTD/svg11.dtd" >
    49,./stratigraphy-paleontology/U+004E-CPRMStratigrPaleontRegular.svg,<?xml version="1.0" standalone="no"?>,<!DOCTYPE svg PUBLIC "-//W3C//DTD SVG 1.1//EN" "http://www.w3.org/Graphics/SVG/1.1/DTD/svg11.dtd" >
    50,./stratigraphy-paleontology/U+0026-CPRMStratigrPaleontRegular.svg,<?xml version="1.0" standalone="no"?>,<!DOCTYPE svg PUBLIC "-//W3C//DTD SVG 1.1//EN" "http://www.w3.org/Graphics/SVG/1.1/DTD/svg11.dtd" >
    51,./stratigraphy-paleontology/U+002A-CPRMStratigrPaleontRegular.svg,<?xml version="1.0" standalone="no"?>,<!DOCTYPE svg PUBLIC "-//W3C//DTD SVG 1.1//EN" "http://www.w3.org/Graphics/SVG/1.1/DTD/svg11.dtd" >
    52,./stratigraphy-paleontology/U+003F-CPRMStratigrPaleontRegular.svg,<?xml version="1.0" standalone="no"?>,<!DOCTYPE svg PUBLIC "-//W3C//DTD SVG 1.1//EN" "http://www.w3.org/Graphics/SVG/1.1/DTD/svg11.dtd" >
    55,./stratigraphy-paleontology/U+0028-CPRMStratigrPaleontRegular.svg,<?xml version="1.0" standalone="no"?>,<!DOCTYPE svg PUBLIC "-//W3C//DTD SVG 1.1//EN" "http://www.w3.org/Graphics/SVG/1.1/DTD/svg11.dtd" >
    56,./stratigraphy-paleontology/U+00E0-CPRMStratigrPaleontRegular.svg,<?xml version="1.0" standalone="no"?>,<!DOCTYPE svg PUBLIC "-//W3C//DTD SVG 1.1//EN" "http://www.w3.org/Graphics/SVG/1.1/DTD/svg11.dtd" >
    57,./stratigraphy-paleontology/U+002C-CPRMStratigrPaleontRegular.svg,<?xml version="1.0" standalone="no"?>,<!DOCTYPE svg PUBLIC "-//W3C//DTD SVG 1.1//EN" "http://www.w3.org/Graphics/SVG/1.1/DTD/svg11.dtd" >
    59,./stratigraphy-paleontology/U+00C7-CPRMStratigrPaleontRegular.svg,<?xml version="1.0" standalone="no"?>,<!DOCTYPE svg PUBLIC "-//W3C//DTD SVG 1.1//EN" "http://www.w3.org/Graphics/SVG/1.1/DTD/svg11.dtd" >
    65,./stratigraphy-paleontology/U+0053-CPRMStratigrPaleontRegular.svg,<?xml version="1.0" standalone="no"?>,<!DOCTYPE svg PUBLIC "-//W3C//DTD SVG 1.1//EN" "http://www.w3.org/Graphics/SVG/1.1/DTD/svg11.dtd" >
    67,./stratigraphy-paleontology/U+00C4-CPRMStratigrPaleontRegular.svg,<?xml version="1.0" standalone="no"?>,<!DOCTYPE svg PUBLIC "-//W3C//DTD SVG 1.1//EN" "http://www.w3.org/Graphics/SVG/1.1/DTD/svg11.dtd" >
    68,./stratigraphy-paleontology/U+0022-CPRMStratigrPaleontRegular.svg,<?xml version="1.0" standalone="no"?>,<!DOCTYPE svg PUBLIC "-//W3C//DTD SVG 1.1//EN" "http://www.w3.org/Graphics/SVG/1.1/DTD/svg11.dtd" >
    69,./stratigraphy-paleontology/U+00D4-CPRMStratigrPaleontRegular.svg,<?xml version="1.0" standalone="no"?>,<!DOCTYPE svg PUBLIC "-//W3C//DTD SVG 1.1//EN" "http://www.w3.org/Graphics/SVG/1.1/DTD/svg11.dtd" >
    70,./stratigraphy-paleontology/U+0043-CPRMStratigrPaleontRegular.svg,<?xml version="1.0" standalone="no"?>,<!DOCTYPE svg PUBLIC "-//W3C//DTD SVG 1.1//EN" "http://www.w3.org/Graphics/SVG/1.1/DTD/svg11.dtd" >
    71,./stratigraphy-paleontology/U+00D0-CPRMStratigrPaleontRegular.svg,<?xml version="1.0" standalone="no"?>,<!DOCTYPE svg PUBLIC "-//W3C//DTD SVG 1.1//EN" "http://www.w3.org/Graphics/SVG/1.1/DTD/svg11.dtd" >
    72,./stratigraphy-paleontology/U+002E-CPRMStratigrPaleontRegular.svg,<?xml version="1.0" standalone="no"?>,<!DOCTYPE svg PUBLIC "-//W3C//DTD SVG 1.1//EN" "http://www.w3.org/Graphics/SVG/1.1/DTD/svg11.dtd" >
    74,./stratigraphy-paleontology/U+002B-CPRMStratigrPaleontRegular.svg,<?xml version="1.0" standalone="no"?>,<!DOCTYPE svg PUBLIC "-//W3C//DTD SVG 1.1//EN" "http://www.w3.org/Graphics/SVG/1.1/DTD/svg11.dtd" >
    76,./stratigraphy-paleontology/U+0057-CPRMStratigrPaleontRegular.svg,<?xml version="1.0" standalone="no"?>,<!DOCTYPE svg PUBLIC "-//W3C//DTD SVG 1.1//EN" "http://www.w3.org/Graphics/SVG/1.1/DTD/svg11.dtd" >
    77,./stratigraphy-paleontology/U+0050-CPRMStratigrPaleontRegular.svg,<?xml version="1.0" standalone="no"?>,<!DOCTYPE svg PUBLIC "-//W3C//DTD SVG 1.1//EN" "http://www.w3.org/Graphics/SVG/1.1/DTD/svg11.dtd" >
    78,./stratigraphy-paleontology/U+00CA-CPRMStratigrPaleontRegular.svg,<?xml version="1.0" standalone="no"?>,<!DOCTYPE svg PUBLIC "-//W3C//DTD SVG 1.1//EN" "http://www.w3.org/Graphics/SVG/1.1/DTD/svg11.dtd" >
    79,./stratigraphy-paleontology/U+0047-CPRMStratigrPaleontRegular.svg,<?xml version="1.0" standalone="no"?>,<!DOCTYPE svg PUBLIC "-//W3C//DTD SVG 1.1//EN" "http://www.w3.org/Graphics/SVG/1.1/DTD/svg11.dtd" >
    80,./stratigraphy-paleontology/U+0055-CPRMStratigrPaleontRegular.svg,<?xml version="1.0" standalone="no"?>,<!DOCTYPE svg PUBLIC "-//W3C//DTD SVG 1.1//EN" "http://www.w3.org/Graphics/SVG/1.1/DTD/svg11.dtd" >
    81,./stratigraphy-paleontology/U+0038-CPRMStratigrPaleontRegular.svg,<?xml version="1.0" standalone="no"?>,<!DOCTYPE svg PUBLIC "-//W3C//DTD SVG 1.1//EN" "http://www.w3.org/Graphics/SVG/1.1/DTD/svg11.dtd" >
    82,./stratigraphy-paleontology/U+00CB-CPRMStratigrPaleontRegular.svg,<?xml version="1.0" standalone="no"?>,<!DOCTYPE svg PUBLIC "-//W3C//DTD SVG 1.1//EN" "http://www.w3.org/Graphics/SVG/1.1/DTD/svg11.dtd" >
    83,./stratigraphy-paleontology/U+003E-CPRMStratigrPaleontRegular.svg,<?xml version="1.0" standalone="no"?>,<!DOCTYPE svg PUBLIC "-//W3C//DTD SVG 1.1//EN" "http://www.w3.org/Graphics/SVG/1.1/DTD/svg11.dtd" >
    84,./stratigraphy-paleontology/U+0046-CPRMStratigrPaleontRegular.svg,<?xml version="1.0" standalone="no"?>,<!DOCTYPE svg PUBLIC "-//W3C//DTD SVG 1.1//EN" "http://www.w3.org/Graphics/SVG/1.1/DTD/svg11.dtd" >
    85,./stratigraphy-paleontology/U+005C-CPRMStratigrPaleontRegular.svg,<?xml version="1.0" standalone="no"?>,<!DOCTYPE svg PUBLIC "-//W3C//DTD SVG 1.1//EN" "http://www.w3.org/Graphics/SVG/1.1/DTD/svg11.dtd" >
    86,./stratigraphy-paleontology/U+0027-CPRMStratigrPaleontRegular.svg,<?xml version="1.0" standalone="no"?>,<!DOCTYPE svg PUBLIC "-//W3C//DTD SVG 1.1//EN" "http://www.w3.org/Graphics/SVG/1.1/DTD/svg11.dtd" >
    87,./stratigraphy-paleontology/U+0021-CPRMStratigrPaleontRegular.svg,<?xml version="1.0" standalone="no"?>,<!DOCTYPE svg PUBLIC "-//W3C//DTD SVG 1.1//EN" "http://www.w3.org/Graphics/SVG/1.1/DTD/svg11.dtd" >
    88,./stratigraphy-paleontology/U+00A3-CPRMStratigrPaleontRegular.svg,<?xml version="1.0" standalone="no"?>,<!DOCTYPE svg PUBLIC "-//W3C//DTD SVG 1.1//EN" "http://www.w3.org/Graphics/SVG/1.1/DTD/svg11.dtd" >
    89,./stratigraphy-paleontology/U+004A-CPRMStratigrPaleontRegular.svg,<?xml version="1.0" standalone="no"?>,<!DOCTYPE svg PUBLIC "-//W3C//DTD SVG 1.1//EN" "http://www.w3.org/Graphics/SVG/1.1/DTD/svg11.dtd" >
    93,./stratigraphy-paleontology/U+0051-CPRMStratigrPaleontRegular.svg,<?xml version="1.0" standalone="no"?>,<!DOCTYPE svg PUBLIC "-//W3C//DTD SVG 1.1//EN" "http://www.w3.org/Graphics/SVG/1.1/DTD/svg11.dtd" >
    96,./stratigraphy-paleontology/U+005D-CPRMStratigrPaleontRegular.svg,<?xml version="1.0" standalone="no"?>,<!DOCTYPE svg PUBLIC "-//W3C//DTD SVG 1.1//EN" "http://www.w3.org/Graphics/SVG/1.1/DTD/svg11.dtd" >
    97,./stratigraphy-paleontology/U+0045-CPRMStratigrPaleontRegular.svg,<?xml version="1.0" standalone="no"?>,<!DOCTYPE svg PUBLIC "-//W3C//DTD SVG 1.1//EN" "http://www.w3.org/Graphics/SVG/1.1/DTD/svg11.dtd" >
    98,./stratigraphy-paleontology/U+00AE-CPRMStratigrPaleontRegular.svg,<?xml version="1.0" standalone="no"?>,<!DOCTYPE svg PUBLIC "-//W3C//DTD SVG 1.1//EN" "http://www.w3.org/Graphics/SVG/1.1/DTD/svg11.dtd" >
    99,./stratigraphy-paleontology/U+00B4-CPRMStratigrPaleontRegular.svg,<?xml version="1.0" standalone="no"?>,<!DOCTYPE svg PUBLIC "-//W3C//DTD SVG 1.1//EN" "http://www.w3.org/Graphics/SVG/1.1/DTD/svg11.dtd" >
   100,./stratigraphy-paleontology/U+0030-CPRMStratigrPaleontRegular.svg,<?xml version="1.0" standalone="no"?>,<!DOCTYPE svg PUBLIC "-//W3C//DTD SVG 1.1//EN" "http://www.w3.org/Graphics/SVG/1.1/DTD/svg11.dtd" >
   102,./stratigraphy-paleontology/U+005B-CPRMStratigrPaleontRegular.svg,<?xml version="1.0" standalone="no"?>,<!DOCTYPE svg PUBLIC "-//W3C//DTD SVG 1.1//EN" "http://www.w3.org/Graphics/SVG/1.1/DTD/svg11.dtd" >
   103,./stratigraphy-paleontology/U+003C-CPRMStratigrPaleontRegular.svg,<?xml version="1.0" standalone="no"?>,<!DOCTYPE svg PUBLIC "-//W3C//DTD SVG 1.1//EN" "http://www.w3.org/Graphics/SVG/1.1/DTD/svg11.dtd" >
   104,./stratigraphy-paleontology/U+0031-CPRMStratigrPaleontRegular.svg,<?xml version="1.0" standalone="no"?>,<!DOCTYPE svg PUBLIC "-//W3C//DTD SVG 1.1//EN" "http://www.w3.org/Graphics/SVG/1.1/DTD/svg11.dtd" >
   105,./stratigraphy-paleontology/U+0023-CPRMStratigrPaleontRegular.svg,<?xml version="1.0" standalone="no"?>,<!DOCTYPE svg PUBLIC "-//W3C//DTD SVG 1.1//EN" "http://www.w3.org/Graphics/SVG/1.1/DTD/svg11.dtd" >
   106,./stratigraphy-paleontology/U+00A2-CPRMStratigrPaleontRegular.svg,<?xml version="1.0" standalone="no"?>,<!DOCTYPE svg PUBLIC "-//W3C//DTD SVG 1.1//EN" "http://www.w3.org/Graphics/SVG/1.1/DTD/svg11.dtd" >
   107,./stratigraphy-paleontology/U+0036-CPRMStratigrPaleontRegular.svg,<?xml version="1.0" standalone="no"?>,<!DOCTYPE svg PUBLIC "-//W3C//DTD SVG 1.1//EN" "http://www.w3.org/Graphics/SVG/1.1/DTD/svg11.dtd" >
   108,./stratigraphy-paleontology/U+002D-CPRMStratigrPaleontRegular.svg,<?xml version="1.0" standalone="no"?>,<!DOCTYPE svg PUBLIC "-//W3C//DTD SVG 1.1//EN" "http://www.w3.org/Graphics/SVG/1.1/DTD/svg11.dtd" >
   109,./stratigraphy-paleontology/U+0040-CPRMStratigrPaleontRegular.svg,<?xml version="1.0" standalone="no"?>,<!DOCTYPE svg PUBLIC "-//W3C//DTD SVG 1.1//EN" "http://www.w3.org/Graphics/SVG/1.1/DTD/svg11.dtd" >
   111,./stratigraphy-paleontology/U+0041-CPRMStratigrPaleontRegular.svg,<?xml version="1.0" standalone="no"?>,<!DOCTYPE svg PUBLIC "-//W3C//DTD SVG 1.1//EN" "http://www.w3.org/Graphics/SVG/1.1/DTD/svg11.dtd" >
   112,./stratigraphy-paleontology/U+003D-CPRMStratigrPaleontRegular.svg,<?xml version="1.0" standalone="no"?>,<!DOCTYPE svg PUBLIC "-//W3C//DTD SVG 1.1//EN" "http://www.w3.org/Graphics/SVG/1.1/DTD/svg11.dtd" >
   115,./stratigraphy-paleontology/U+00B3-CPRMStratigrPaleontRegular.svg,<?xml version="1.0" standalone="no"?>,<!DOCTYPE svg PUBLIC "-//W3C//DTD SVG 1.1//EN" "http://www.w3.org/Graphics/SVG/1.1/DTD/svg11.dtd" >
   118,./stratigraphy-paleontology/U+00DF-CPRMStratigrPaleontRegular.svg,<?xml version="1.0" standalone="no"?>,<!DOCTYPE svg PUBLIC "-//W3C//DTD SVG 1.1//EN" "http://www.w3.org/Graphics/SVG/1.1/DTD/svg11.dtd" >
   119,./stratigraphy-paleontology/U+0024-CPRMStratigrPaleontRegular.svg,<?xml version="1.0" standalone="no"?>,<!DOCTYPE svg PUBLIC "-//W3C//DTD SVG 1.1//EN" "http://www.w3.org/Graphics/SVG/1.1/DTD/svg11.dtd" >
   120,./stratigraphy-paleontology/U+0056-CPRMStratigrPaleontRegular.svg,<?xml version="1.0" standalone="no"?>,<!DOCTYPE svg PUBLIC "-//W3C//DTD SVG 1.1//EN" "http://www.w3.org/Graphics/SVG/1.1/DTD/svg11.dtd" >
   122,./stratigraphy-paleontology/U+0029-CPRMStratigrPaleontRegular.svg,<?xml version="1.0" standalone="no"?>,<!DOCTYPE svg PUBLIC "-//W3C//DTD SVG 1.1//EN" "http://www.w3.org/Graphics/SVG/1.1/DTD/svg11.dtd" >
   124,./stratigraphy-paleontology/U+00AF-CPRMStratigrPaleontRegular.svg,<?xml version="1.0" standalone="no"?>,<!DOCTYPE svg PUBLIC "-//W3C//DTD SVG 1.1//EN" "http://www.w3.org/Graphics/SVG/1.1/DTD/svg11.dtd" >
   125,./geology/U+0044-CPRMGeologyRegular.svg,<?xml version="1.0" standalone="no"?>,<!DOCTYPE svg PUBLIC "-//W3C//DTD SVG 1.1//EN" "http://www.w3.org/Graphics/SVG/1.1/DTD/svg11.dtd" >
   126,./geology/U+0040-CPRMGeologyRegular.svg,<?xml version="1.0" standalone="no"?>,<!DOCTYPE svg PUBLIC "-//W3C//DTD SVG 1.1//EN" "http://www.w3.org/Graphics/SVG/1.1/DTD/svg11.dtd" >
   127,./geology/U+0029-CPRMGeologyRegular.svg,<?xml version="1.0" standalone="no"?>,<!DOCTYPE svg PUBLIC "-//W3C//DTD SVG 1.1//EN" "http://www.w3.org/Graphics/SVG/1.1/DTD/svg11.dtd" >
   128,./geology/U+00C9-CPRMGeologyRegular.svg,<?xml version="1.0" standalone="no"?>,<!DOCTYPE svg PUBLIC "-//W3C//DTD SVG 1.1//EN" "http://www.w3.org/Graphics/SVG/1.1/DTD/svg11.dtd" >
   129,./geology/U+004F-CPRMGeologyRegular.svg,<?xml version="1.0" standalone="no"?>,<!DOCTYPE svg PUBLIC "-//W3C//DTD SVG 1.1//EN" "http://www.w3.org/Graphics/SVG/1.1/DTD/svg11.dtd" >
   130,./geology/U+00EB-CPRMGeologyRegular.svg,<?xml version="1.0" standalone="no"?>,<!DOCTYPE svg PUBLIC "-//W3C//DTD SVG 1.1//EN" "http://www.w3.org/Graphics/SVG/1.1/DTD/svg11.dtd" >
   131,./geology/U+00C1-CPRMGeologyRegular.svg,<?xml version="1.0" standalone="no"?>,<!DOCTYPE svg PUBLIC "-//W3C//DTD SVG 1.1//EN" "http://www.w3.org/Graphics/SVG/1.1/DTD/svg11.dtd" >
   132,./geology/U+00F5-CPRMGeologyRegular.svg,<?xml version="1.0" standalone="no"?>,<!DOCTYPE svg PUBLIC "-//W3C//DTD SVG 1.1//EN" "http://www.w3.org/Graphics/SVG/1.1/DTD/svg11.dtd" >
   133,./geology/U+0068-CPRMGeologyRegular.svg,<?xml version="1.0" standalone="no"?>,<!DOCTYPE svg PUBLIC "-//W3C//DTD SVG 1.1//EN" "http://www.w3.org/Graphics/SVG/1.1/DTD/svg11.dtd" >
   134,./geology/U+00FD-CPRMGeologyRegular.svg,<?xml version="1.0" standalone="no"?>,<!DOCTYPE svg PUBLIC "-//W3C//DTD SVG 1.1//EN" "http://www.w3.org/Graphics/SVG/1.1/DTD/svg11.dtd" >
   135,./geology/U+00D2-CPRMGeologyRegular.svg,<?xml version="1.0" standalone="no"?>,<!DOCTYPE svg PUBLIC "-//W3C//DTD SVG 1.1//EN" "http://www.w3.org/Graphics/SVG/1.1/DTD/svg11.dtd" >
   136,./geology/U+0079-CPRMGeologyRegular.svg,<?xml version="1.0" standalone="no"?>,<!DOCTYPE svg PUBLIC "-//W3C//DTD SVG 1.1//EN" "http://www.w3.org/Graphics/SVG/1.1/DTD/svg11.dtd" >
   137,./geology/U+00DB-CPRMGeologyRegular.svg,<?xml version="1.0" standalone="no"?>,<!DOCTYPE svg PUBLIC "-//W3C//DTD SVG 1.1//EN" "http://www.w3.org/Graphics/SVG/1.1/DTD/svg11.dtd" >
   138,./geology/U+006C-CPRMGeologyRegular.svg,<?xml version="1.0" standalone="no"?>,<!DOCTYPE svg PUBLIC "-//W3C//DTD SVG 1.1//EN" "http://www.w3.org/Graphics/SVG/1.1/DTD/svg11.dtd" >
   139,./geology/U+0061-CPRMGeologyRegular.svg,<?xml version="1.0" standalone="no"?>,<!DOCTYPE svg PUBLIC "-//W3C//DTD SVG 1.1//EN" "http://www.w3.org/Graphics/SVG/1.1/DTD/svg11.dtd" >
   140,./geology/U+005C-CPRMGeologyRegular.svg,<?xml version="1.0" standalone="no"?>,<!DOCTYPE svg PUBLIC "-//W3C//DTD SVG 1.1//EN" "http://www.w3.org/Graphics/SVG/1.1/DTD/svg11.dtd" >
   141,./geology/U+0047-CPRMGeologyRegular.svg,<?xml version="1.0" standalone="no"?>,<!DOCTYPE svg PUBLIC "-//W3C//DTD SVG 1.1//EN" "http://www.w3.org/Graphics/SVG/1.1/DTD/svg11.dtd" >
   142,./geology/U+00ED-CPRMGeologyRegular.svg,<?xml version="1.0" standalone="no"?>,<!DOCTYPE svg PUBLIC "-//W3C//DTD SVG 1.1//EN" "http://www.w3.org/Graphics/SVG/1.1/DTD/svg11.dtd" >
   143,./geology/U+00CB-CPRMGeologyRegular.svg,<?xml version="1.0" standalone="no"?>,<!DOCTYPE svg PUBLIC "-//W3C//DTD SVG 1.1//EN" "http://www.w3.org/Graphics/SVG/1.1/DTD/svg11.dtd" >
   144,./geology/U+0074-CPRMGeologyRegular.svg,<?xml version="1.0" standalone="no"?>,<!DOCTYPE svg PUBLIC "-//W3C//DTD SVG 1.1//EN" "http://www.w3.org/Graphics/SVG/1.1/DTD/svg11.dtd" >
   145,./geology/U+00C4-CPRMGeologyRegular.svg,<?xml version="1.0" standalone="no"?>,<!DOCTYPE svg PUBLIC "-//W3C//DTD SVG 1.1//EN" "http://www.w3.org/Graphics/SVG/1.1/DTD/svg11.dtd" >
   146,./geology/U+00F6-CPRMGeologyRegular.svg,<?xml version="1.0" standalone="no"?>,<!DOCTYPE svg PUBLIC "-//W3C//DTD SVG 1.1//EN" "http://www.w3.org/Graphics/SVG/1.1/DTD/svg11.dtd" >
   147,./geology/U+00F4-CPRMGeologyRegular.svg,<?xml version="1.0" standalone="no"?>,<!DOCTYPE svg PUBLIC "-//W3C//DTD SVG 1.1//EN" "http://www.w3.org/Graphics/SVG/1.1/DTD/svg11.dtd" >
   148,./geology/U+00C2-CPRMGeologyRegular.svg,<?xml version="1.0" standalone="no"?>,<!DOCTYPE svg PUBLIC "-//W3C//DTD SVG 1.1//EN" "http://www.w3.org/Graphics/SVG/1.1/DTD/svg11.dtd" >
   149,./geology/U+00A4-CPRMGeologyRegular.svg,<?xml version="1.0" standalone="no"?>,<!DOCTYPE svg PUBLIC "-//W3C//DTD SVG 1.1//EN" "http://www.w3.org/Graphics/SVG/1.1/DTD/svg11.dtd" >
   150,./geology/U+00B5-CPRMGeologyRegular.svg,<?xml version="1.0" standalone="no"?>,<!DOCTYPE svg PUBLIC "-//W3C//DTD SVG 1.1//EN" "http://www.w3.org/Graphics/SVG/1.1/DTD/svg11.dtd" >
   151,./geology/U+0038-CPRMGeologyRegular.svg,<?xml version="1.0" standalone="no"?>,<!DOCTYPE svg PUBLIC "-//W3C//DTD SVG 1.1//EN" "http://www.w3.org/Graphics/SVG/1.1/DTD/svg11.dtd" >
   152,./geology/U+00F8-CPRMGeologyRegular.svg,<?xml version="1.0" standalone="no"?>,<!DOCTYPE svg PUBLIC "-//W3C//DTD SVG 1.1//EN" "http://www.w3.org/Graphics/SVG/1.1/DTD/svg11.dtd" >
   153,./geology/U+007E-CPRMGeologyRegular.svg,<?xml version="1.0" standalone="no"?>,<!DOCTYPE svg PUBLIC "-//W3C//DTD SVG 1.1//EN" "http://www.w3.org/Graphics/SVG/1.1/DTD/svg11.dtd" >
   154,./geology/U+00CA-CPRMGeologyRegular.svg,<?xml version="1.0" standalone="no"?>,<!DOCTYPE svg PUBLIC "-//W3C//DTD SVG 1.1//EN" "http://www.w3.org/Graphics/SVG/1.1/DTD/svg11.dtd" >
   155,./geology/U+005F-CPRMGeologyRegular.svg,<?xml version="1.0" standalone="no"?>,<!DOCTYPE svg PUBLIC "-//W3C//DTD SVG 1.1//EN" "http://www.w3.org/Graphics/SVG/1.1/DTD/svg11.dtd" >
   156,./geology/U+0052-CPRMGeologyRegular.svg,<?xml version="1.0" standalone="no"?>,<!DOCTYPE svg PUBLIC "-//W3C//DTD SVG 1.1//EN" "http://www.w3.org/Graphics/SVG/1.1/DTD/svg11.dtd" >
   157,./geology/U+0060-CPRMGeologyRegular.svg,<?xml version="1.0" standalone="no"?>,<!DOCTYPE svg PUBLIC "-//W3C//DTD SVG 1.1//EN" "http://www.w3.org/Graphics/SVG/1.1/DTD/svg11.dtd" >
   158,./geology/U+00A5-CPRMGeologyRegular.svg,<?xml version="1.0" standalone="no"?>,<!DOCTYPE svg PUBLIC "-//W3C//DTD SVG 1.1//EN" "http://www.w3.org/Graphics/SVG/1.1/DTD/svg11.dtd" >
   159,./geology/U+00DE-CPRMGeologyRegular.svg,<?xml version="1.0" standalone="no"?>,<!DOCTYPE svg PUBLIC "-//W3C//DTD SVG 1.1//EN" "http://www.w3.org/Graphics/SVG/1.1/DTD/svg11.dtd" >
   160,./geology/U+00A8-CPRMGeologyRegular.svg,<?xml version="1.0" standalone="no"?>,<!DOCTYPE svg PUBLIC "-//W3C//DTD SVG 1.1//EN" "http://www.w3.org/Graphics/SVG/1.1/DTD/svg11.dtd" >
   161,./geology/U+0026-CPRMGeologyRegular.svg,<?xml version="1.0" standalone="no"?>,<!DOCTYPE svg PUBLIC "-//W3C//DTD SVG 1.1//EN" "http://www.w3.org/Graphics/SVG/1.1/DTD/svg11.dtd" >
   162,./geology/U+00AC-CPRMGeologyRegular.svg,<?xml version="1.0" standalone="no"?>,<!DOCTYPE svg PUBLIC "-//W3C//DTD SVG 1.1//EN" "http://www.w3.org/Graphics/SVG/1.1/DTD/svg11.dtd" >
   163,./geology/U+0066-CPRMGeologyRegular.svg,<?xml version="1.0" standalone="no"?>,<!DOCTYPE svg PUBLIC "-//W3C//DTD SVG 1.1//EN" "http://www.w3.org/Graphics/SVG/1.1/DTD/svg11.dtd" >
   164,./geology/U+00D0-CPRMGeologyRegular.svg,<?xml version="1.0" standalone="no"?>,<!DOCTYPE svg PUBLIC "-//W3C//DTD SVG 1.1//EN" "http://www.w3.org/Graphics/SVG/1.1/DTD/svg11.dtd" >
   165,./geology/U+00E8-CPRMGeologyRegular.svg,<?xml version="1.0" standalone="no"?>,<!DOCTYPE svg PUBLIC "-//W3C//DTD SVG 1.1//EN" "http://www.w3.org/Graphics/SVG/1.1/DTD/svg11.dtd" >
   166,./geology/U+0072-CPRMGeologyRegular.svg,<?xml version="1.0" standalone="no"?>,<!DOCTYPE svg PUBLIC "-//W3C//DTD SVG 1.1//EN" "http://www.w3.org/Graphics/SVG/1.1/DTD/svg11.dtd" >
   167,./geology/U+0022-CPRMGeologyRegular.svg,<?xml version="1.0" standalone="no"?>,<!DOCTYPE svg PUBLIC "-//W3C//DTD SVG 1.1//EN" "http://www.w3.org/Graphics/SVG/1.1/DTD/svg11.dtd" >
   168,./geology/U+00CC-CPRMGeologyRegular.svg,<?xml version="1.0" standalone="no"?>,<!DOCTYPE svg PUBLIC "-//W3C//DTD SVG 1.1//EN" "http://www.w3.org/Graphics/SVG/1.1/DTD/svg11.dtd" >
   169,./geology/U+0045-CPRMGeologyRegular.svg,<?xml version="1.0" standalone="no"?>,<!DOCTYPE svg PUBLIC "-//W3C//DTD SVG 1.1//EN" "http://www.w3.org/Graphics/SVG/1.1/DTD/svg11.dtd" >
   170,./geology/U+00F7-CPRMGeologyRegular.svg,<?xml version="1.0" standalone="no"?>,<!DOCTYPE svg PUBLIC "-//W3C//DTD SVG 1.1//EN" "http://www.w3.org/Graphics/SVG/1.1/DTD/svg11.dtd" >
   171,./geology/U+0075-CPRMGeologyRegular.svg,<?xml version="1.0" standalone="no"?>,<!DOCTYPE svg PUBLIC "-//W3C//DTD SVG 1.1//EN" "http://www.w3.org/Graphics/SVG/1.1/DTD/svg11.dtd" >
   172,./geology/U+00DA-CPRMGeologyRegular.svg,<?xml version="1.0" standalone="no"?>,<!DOCTYPE svg PUBLIC "-//W3C//DTD SVG 1.1//EN" "http://www.w3.org/Graphics/SVG/1.1/DTD/svg11.dtd" >
   173,./geology/U+00B8-CPRMGeologyRegular.svg,<?xml version="1.0" standalone="no"?>,<!DOCTYPE svg PUBLIC "-//W3C//DTD SVG 1.1//EN" "http://www.w3.org/Graphics/SVG/1.1/DTD/svg11.dtd" >
   174,./geology/U+00EA-CPRMGeologyRegular.svg,<?xml version="1.0" standalone="no"?>,<!DOCTYPE svg PUBLIC "-//W3C//DTD SVG 1.1//EN" "http://www.w3.org/Graphics/SVG/1.1/DTD/svg11.dtd" >
   175,./geology/U+0033-CPRMGeologyRegular.svg,<?xml version="1.0" standalone="no"?>,<!DOCTYPE svg PUBLIC "-//W3C//DTD SVG 1.1//EN" "http://www.w3.org/Graphics/SVG/1.1/DTD/svg11.dtd" >
   176,./geology/U+00CF-CPRMGeologyRegular.svg,<?xml version="1.0" standalone="no"?>,<!DOCTYPE svg PUBLIC "-//W3C//DTD SVG 1.1//EN" "http://www.w3.org/Graphics/SVG/1.1/DTD/svg11.dtd" >
   177,./geology/U+00EC-CPRMGeologyRegular.svg,<?xml version="1.0" standalone="no"?>,<!DOCTYPE svg PUBLIC "-//W3C//DTD SVG 1.1//EN" "http://www.w3.org/Graphics/SVG/1.1/DTD/svg11.dtd" >
   178,./geology/U+007C-CPRMGeologyRegular.svg,<?xml version="1.0" standalone="no"?>,<!DOCTYPE svg PUBLIC "-//W3C//DTD SVG 1.1//EN" "http://www.w3.org/Graphics/SVG/1.1/DTD/svg11.dtd" >
   179,./geology/U+00C5-CPRMGeologyRegular.svg,<?xml version="1.0" standalone="no"?>,<!DOCTYPE svg PUBLIC "-//W3C//DTD SVG 1.1//EN" "http://www.w3.org/Graphics/SVG/1.1/DTD/svg11.dtd" >
   180,./geology/U+0048-CPRMGeologyRegular.svg,<?xml version="1.0" standalone="no"?>,<!DOCTYPE svg PUBLIC "-//W3C//DTD SVG 1.1//EN" "http://www.w3.org/Graphics/SVG/1.1/DTD/svg11.dtd" >
   181,./geology/U+00D9-CPRMGeologyRegular.svg,<?xml version="1.0" standalone="no"?>,<!DOCTYPE svg PUBLIC "-//W3C//DTD SVG 1.1//EN" "http://www.w3.org/Graphics/SVG/1.1/DTD/svg11.dtd" >
   182,./geology/U+0046-CPRMGeologyRegular.svg,<?xml version="1.0" standalone="no"?>,<!DOCTYPE svg PUBLIC "-//W3C//DTD SVG 1.1//EN" "http://www.w3.org/Graphics/SVG/1.1/DTD/svg11.dtd" >
   183,./geology/U+007D-CPRMGeologyRegular.svg,<?xml version="1.0" standalone="no"?>,<!DOCTYPE svg PUBLIC "-//W3C//DTD SVG 1.1//EN" "http://www.w3.org/Graphics/SVG/1.1/DTD/svg11.dtd" >
   184,./geology/U+00B1-CPRMGeologyRegular.svg,<?xml version="1.0" standalone="no"?>,<!DOCTYPE svg PUBLIC "-//W3C//DTD SVG 1.1//EN" "http://www.w3.org/Graphics/SVG/1.1/DTD/svg11.dtd" >
   185,./geology/U+00D4-CPRMGeologyRegular.svg,<?xml version="1.0" standalone="no"?>,<!DOCTYPE svg PUBLIC "-//W3C//DTD SVG 1.1//EN" "http://www.w3.org/Graphics/SVG/1.1/DTD/svg11.dtd" >
   186,./geology/U+0067-CPRMGeologyRegular.svg,<?xml version="1.0" standalone="no"?>,<!DOCTYPE svg PUBLIC "-//W3C//DTD SVG 1.1//EN" "http://www.w3.org/Graphics/SVG/1.1/DTD/svg11.dtd" >
   187,./geology/U+00A0-CPRMGeologyRegular.svg,<?xml version="1.0" standalone="no"?>,<!DOCTYPE svg PUBLIC "-//W3C//DTD SVG 1.1//EN" "http://www.w3.org/Graphics/SVG/1.1/DTD/svg11.dtd" >
   188,./geology/U+00FE-CPRMGeologyRegular.svg,<?xml version="1.0" standalone="no"?>,<!DOCTYPE svg PUBLIC "-//W3C//DTD SVG 1.1//EN" "http://www.w3.org/Graphics/SVG/1.1/DTD/svg11.dtd" >
   189,./geology/U+00FB-CPRMGeologyRegular.svg,<?xml version="1.0" standalone="no"?>,<!DOCTYPE svg PUBLIC "-//W3C//DTD SVG 1.1//EN" "http://www.w3.org/Graphics/SVG/1.1/DTD/svg11.dtd" >
   190,./geology/U+0027-CPRMGeologyRegular.svg,<?xml version="1.0" standalone="no"?>,<!DOCTYPE svg PUBLIC "-//W3C//DTD SVG 1.1//EN" "http://www.w3.org/Graphics/SVG/1.1/DTD/svg11.dtd" >
   191,./geology/U+003D-CPRMGeologyRegular.svg,<?xml version="1.0" standalone="no"?>,<!DOCTYPE svg PUBLIC "-//W3C//DTD SVG 1.1//EN" "http://www.w3.org/Graphics/SVG/1.1/DTD/svg11.dtd" >
   192,./geology/U+00F2-CPRMGeologyRegular.svg,<?xml version="1.0" standalone="no"?>,<!DOCTYPE svg PUBLIC "-//W3C//DTD SVG 1.1//EN" "http://www.w3.org/Graphics/SVG/1.1/DTD/svg11.dtd" >
   193,./geology/U+0057-CPRMGeologyRegular.svg,<?xml version="1.0" standalone="no"?>,<!DOCTYPE svg PUBLIC "-//W3C//DTD SVG 1.1//EN" "http://www.w3.org/Graphics/SVG/1.1/DTD/svg11.dtd" >
   194,./geology/U+00E9-CPRMGeologyRegular.svg,<?xml version="1.0" standalone="no"?>,<!DOCTYPE svg PUBLIC "-//W3C//DTD SVG 1.1//EN" "http://www.w3.org/Graphics/SVG/1.1/DTD/svg11.dtd" >
   195,./geology/U+002B-CPRMGeologyRegular.svg,<?xml version="1.0" standalone="no"?>,<!DOCTYPE svg PUBLIC "-//W3C//DTD SVG 1.1//EN" "http://www.w3.org/Graphics/SVG/1.1/DTD/svg11.dtd" >
   196,./geology/U+00C3-CPRMGeologyRegular.svg,<?xml version="1.0" standalone="no"?>,<!DOCTYPE svg PUBLIC "-//W3C//DTD SVG 1.1//EN" "http://www.w3.org/Graphics/SVG/1.1/DTD/svg11.dtd" >
   197,./geology/U+005B-CPRMGeologyRegular.svg,<?xml version="1.0" standalone="no"?>,<!DOCTYPE svg PUBLIC "-//W3C//DTD SVG 1.1//EN" "http://www.w3.org/Graphics/SVG/1.1/DTD/svg11.dtd" >
   198,./geology/U+00CE-CPRMGeologyRegular.svg,<?xml version="1.0" standalone="no"?>,<!DOCTYPE svg PUBLIC "-//W3C//DTD SVG 1.1//EN" "http://www.w3.org/Graphics/SVG/1.1/DTD/svg11.dtd" >
   199,./geology/U+0041-CPRMGeologyRegular.svg,<?xml version="1.0" standalone="no"?>,<!DOCTYPE svg PUBLIC "-//W3C//DTD SVG 1.1//EN" "http://www.w3.org/Graphics/SVG/1.1/DTD/svg11.dtd" >
   200,./geology/U+0028-CPRMGeologyRegular.svg,<?xml version="1.0" standalone="no"?>,<!DOCTYPE svg PUBLIC "-//W3C//DTD SVG 1.1//EN" "http://www.w3.org/Graphics/SVG/1.1/DTD/svg11.dtd" >
   201,./geology/U+0055-CPRMGeologyRegular.svg,<?xml version="1.0" standalone="no"?>,<!DOCTYPE svg PUBLIC "-//W3C//DTD SVG 1.1//EN" "http://www.w3.org/Graphics/SVG/1.1/DTD/svg11.dtd" >
   202,./geology/U+006B-CPRMGeologyRegular.svg,<?xml version="1.0" standalone="no"?>,<!DOCTYPE svg PUBLIC "-//W3C//DTD SVG 1.1//EN" "http://www.w3.org/Graphics/SVG/1.1/DTD/svg11.dtd" >
   203,./geology/U+00A3-CPRMGeologyRegular.svg,<?xml version="1.0" standalone="no"?>,<!DOCTYPE svg PUBLIC "-//W3C//DTD SVG 1.1//EN" "http://www.w3.org/Graphics/SVG/1.1/DTD/svg11.dtd" >
   204,./geology/U+0059-CPRMGeologyRegular.svg,<?xml version="1.0" standalone="no"?>,<!DOCTYPE svg PUBLIC "-//W3C//DTD SVG 1.1//EN" "http://www.w3.org/Graphics/SVG/1.1/DTD/svg11.dtd" >
   205,./geology/U+006A-CPRMGeologyRegular.svg,<?xml version="1.0" standalone="no"?>,<!DOCTYPE svg PUBLIC "-//W3C//DTD SVG 1.1//EN" "http://www.w3.org/Graphics/SVG/1.1/DTD/svg11.dtd" >
   206,./geology/U+00E0-CPRMGeologyRegular.svg,<?xml version="1.0" standalone="no"?>,<!DOCTYPE svg PUBLIC "-//W3C//DTD SVG 1.1//EN" "http://www.w3.org/Graphics/SVG/1.1/DTD/svg11.dtd" >
   207,./geology/U+00B4-CPRMGeologyRegular.svg,<?xml version="1.0" standalone="no"?>,<!DOCTYPE svg PUBLIC "-//W3C//DTD SVG 1.1//EN" "http://www.w3.org/Graphics/SVG/1.1/DTD/svg11.dtd" >
   208,./geology/U+00B0-CPRMGeologyRegular.svg,<?xml version="1.0" standalone="no"?>,<!DOCTYPE svg PUBLIC "-//W3C//DTD SVG 1.1//EN" "http://www.w3.org/Graphics/SVG/1.1/DTD/svg11.dtd" >
   209,./geology/U+007B-CPRMGeologyRegular.svg,<?xml version="1.0" standalone="no"?>,<!DOCTYPE svg PUBLIC "-//W3C//DTD SVG 1.1//EN" "http://www.w3.org/Graphics/SVG/1.1/DTD/svg11.dtd" >
   210,./geology/U+004C-CPRMGeologyRegular.svg,<?xml version="1.0" standalone="no"?>,<!DOCTYPE svg PUBLIC "-//W3C//DTD SVG 1.1//EN" "http://www.w3.org/Graphics/SVG/1.1/DTD/svg11.dtd" >
   211,./geology/U+00BC-CPRMGeologyRegular.svg,<?xml version="1.0" standalone="no"?>,<!DOCTYPE svg PUBLIC "-//W3C//DTD SVG 1.1//EN" "http://www.w3.org/Graphics/SVG/1.1/DTD/svg11.dtd" >
   212,./geology/U+00F1-CPRMGeologyRegular.svg,<?xml version="1.0" standalone="no"?>,<!DOCTYPE svg PUBLIC "-//W3C//DTD SVG 1.1//EN" "http://www.w3.org/Graphics/SVG/1.1/DTD/svg11.dtd" >
   213,./geology/U+00EE-CPRMGeologyRegular.svg,<?xml version="1.0" standalone="no"?>,<!DOCTYPE svg PUBLIC "-//W3C//DTD SVG 1.1//EN" "http://www.w3.org/Graphics/SVG/1.1/DTD/svg11.dtd" >
   214,./geology/U+002E-CPRMGeologyRegular.svg,<?xml version="1.0" standalone="no"?>,<!DOCTYPE svg PUBLIC "-//W3C//DTD SVG 1.1//EN" "http://www.w3.org/Graphics/SVG/1.1/DTD/svg11.dtd" >
   215,./geology/U+005D-CPRMGeologyRegular.svg,<?xml version="1.0" standalone="no"?>,<!DOCTYPE svg PUBLIC "-//W3C//DTD SVG 1.1//EN" "http://www.w3.org/Graphics/SVG/1.1/DTD/svg11.dtd" >
   216,./geology/U+0030-CPRMGeologyRegular.svg,<?xml version="1.0" standalone="no"?>,<!DOCTYPE svg PUBLIC "-//W3C//DTD SVG 1.1//EN" "http://www.w3.org/Graphics/SVG/1.1/DTD/svg11.dtd" >
   217,./geology/U+0062-CPRMGeologyRegular.svg,<?xml version="1.0" standalone="no"?>,<!DOCTYPE svg PUBLIC "-//W3C//DTD SVG 1.1//EN" "http://www.w3.org/Graphics/SVG/1.1/DTD/svg11.dtd" >
   218,./geology/U+00FA-CPRMGeologyRegular.svg,<?xml version="1.0" standalone="no"?>,<!DOCTYPE svg PUBLIC "-//W3C//DTD SVG 1.1//EN" "http://www.w3.org/Graphics/SVG/1.1/DTD/svg11.dtd" >
   219,./geology/U+0023-CPRMGeologyRegular.svg,<?xml version="1.0" standalone="no"?>,<!DOCTYPE svg PUBLIC "-//W3C//DTD SVG 1.1//EN" "http://www.w3.org/Graphics/SVG/1.1/DTD/svg11.dtd" >
   220,./geology/U+006E-CPRMGeologyRegular.svg,<?xml version="1.0" standalone="no"?>,<!DOCTYPE svg PUBLIC "-//W3C//DTD SVG 1.1//EN" "http://www.w3.org/Graphics/SVG/1.1/DTD/svg11.dtd" >
   221,./geology/U+0073-CPRMGeologyRegular.svg,<?xml version="1.0" standalone="no"?>,<!DOCTYPE svg PUBLIC "-//W3C//DTD SVG 1.1//EN" "http://www.w3.org/Graphics/SVG/1.1/DTD/svg11.dtd" >
   222,./geology/U+00FF-CPRMGeologyRegular.svg,<?xml version="1.0" standalone="no"?>,<!DOCTYPE svg PUBLIC "-//W3C//DTD SVG 1.1//EN" "http://www.w3.org/Graphics/SVG/1.1/DTD/svg11.dtd" >
   223,./geology/U+002F-CPRMGeologyRegular.svg,<?xml version="1.0" standalone="no"?>,<!DOCTYPE svg PUBLIC "-//W3C//DTD SVG 1.1//EN" "http://www.w3.org/Graphics/SVG/1.1/DTD/svg11.dtd" >
   224,./geology/U+0024-CPRMGeologyRegular.svg,<?xml version="1.0" standalone="no"?>,<!DOCTYPE svg PUBLIC "-//W3C//DTD SVG 1.1//EN" "http://www.w3.org/Graphics/SVG/1.1/DTD/svg11.dtd" >
   225,./geology/U+00E3-CPRMGeologyRegular.svg,<?xml version="1.0" standalone="no"?>,<!DOCTYPE svg PUBLIC "-//W3C//DTD SVG 1.1//EN" "http://www.w3.org/Graphics/SVG/1.1/DTD/svg11.dtd" >
   226,./geology/U+006F-CPRMGeologyRegular.svg,<?xml version="1.0" standalone="no"?>,<!DOCTYPE svg PUBLIC "-//W3C//DTD SVG 1.1//EN" "http://www.w3.org/Graphics/SVG/1.1/DTD/svg11.dtd" >
   227,./geology/U+0021-CPRMGeologyRegular.svg,<?xml version="1.0" standalone="no"?>,<!DOCTYPE svg PUBLIC "-//W3C//DTD SVG 1.1//EN" "http://www.w3.org/Graphics/SVG/1.1/DTD/svg11.dtd" >
   228,./geology/U+00BF-CPRMGeologyRegular.svg,<?xml version="1.0" standalone="no"?>,<!DOCTYPE svg PUBLIC "-//W3C//DTD SVG 1.1//EN" "http://www.w3.org/Graphics/SVG/1.1/DTD/svg11.dtd" >
   229,./geology/U+0053-CPRMGeologyRegular.svg,<?xml version="1.0" standalone="no"?>,<!DOCTYPE svg PUBLIC "-//W3C//DTD SVG 1.1//EN" "http://www.w3.org/Graphics/SVG/1.1/DTD/svg11.dtd" >
   230,./geology/U+00B7-CPRMGeologyRegular.svg,<?xml version="1.0" standalone="no"?>,<!DOCTYPE svg PUBLIC "-//W3C//DTD SVG 1.1//EN" "http://www.w3.org/Graphics/SVG/1.1/DTD/svg11.dtd" >
   231,./geology/U+00B2-CPRMGeologyRegular.svg,<?xml version="1.0" standalone="no"?>,<!DOCTYPE svg PUBLIC "-//W3C//DTD SVG 1.1//EN" "http://www.w3.org/Graphics/SVG/1.1/DTD/svg11.dtd" >
   232,./geology/U+00C8-CPRMGeologyRegular.svg,<?xml version="1.0" standalone="no"?>,<!DOCTYPE svg PUBLIC "-//W3C//DTD SVG 1.1//EN" "http://www.w3.org/Graphics/SVG/1.1/DTD/svg11.dtd" >
   233,./geology/U+0054-CPRMGeologyRegular.svg,<?xml version="1.0" standalone="no"?>,<!DOCTYPE svg PUBLIC "-//W3C//DTD SVG 1.1//EN" "http://www.w3.org/Graphics/SVG/1.1/DTD/svg11.dtd" >
   234,./geology/U+003C-CPRMGeologyRegular.svg,<?xml version="1.0" standalone="no"?>,<!DOCTYPE svg PUBLIC "-//W3C//DTD SVG 1.1//EN" "http://www.w3.org/Graphics/SVG/1.1/DTD/svg11.dtd" >
   235,./geology/U+0042-CPRMGeologyRegular.svg,<?xml version="1.0" standalone="no"?>,<!DOCTYPE svg PUBLIC "-//W3C//DTD SVG 1.1//EN" "http://www.w3.org/Graphics/SVG/1.1/DTD/svg11.dtd" >
   236,./geology/U+00B9-CPRMGeologyRegular.svg,<?xml version="1.0" standalone="no"?>,<!DOCTYPE svg PUBLIC "-//W3C//DTD SVG 1.1//EN" "http://www.w3.org/Graphics/SVG/1.1/DTD/svg11.dtd" >
   237,./geology/U+003E-CPRMGeologyRegular.svg,<?xml version="1.0" standalone="no"?>,<!DOCTYPE svg PUBLIC "-//W3C//DTD SVG 1.1//EN" "http://www.w3.org/Graphics/SVG/1.1/DTD/svg11.dtd" >
   238,./geology/U+00F3-CPRMGeologyRegular.svg,<?xml version="1.0" standalone="no"?>,<!DOCTYPE svg PUBLIC "-//W3C//DTD SVG 1.1//EN" "http://www.w3.org/Graphics/SVG/1.1/DTD/svg11.dtd" >
   239,./geology/U+0051-CPRMGeologyRegular.svg,<?xml version="1.0" standalone="no"?>,<!DOCTYPE svg PUBLIC "-//W3C//DTD SVG 1.1//EN" "http://www.w3.org/Graphics/SVG/1.1/DTD/svg11.dtd" >
   240,./geology/U+0070-CPRMGeologyRegular.svg,<?xml version="1.0" standalone="no"?>,<!DOCTYPE svg PUBLIC "-//W3C//DTD SVG 1.1//EN" "http://www.w3.org/Graphics/SVG/1.1/DTD/svg11.dtd" >
   241,./geology/U+0034-CPRMGeologyRegular.svg,<?xml version="1.0" standalone="no"?>,<!DOCTYPE svg PUBLIC "-//W3C//DTD SVG 1.1//EN" "http://www.w3.org/Graphics/SVG/1.1/DTD/svg11.dtd" >
   242,./geology/U+0035-CPRMGeologyRegular.svg,<?xml version="1.0" standalone="no"?>,<!DOCTYPE svg PUBLIC "-//W3C//DTD SVG 1.1//EN" "http://www.w3.org/Graphics/SVG/1.1/DTD/svg11.dtd" >
   243,./geology/U+00F9-CPRMGeologyRegular.svg,<?xml version="1.0" standalone="no"?>,<!DOCTYPE svg PUBLIC "-//W3C//DTD SVG 1.1//EN" "http://www.w3.org/Graphics/SVG/1.1/DTD/svg11.dtd" >
   244,./geology/U+0063-CPRMGeologyRegular.svg,<?xml version="1.0" standalone="no"?>,<!DOCTYPE svg PUBLIC "-//W3C//DTD SVG 1.1//EN" "http://www.w3.org/Graphics/SVG/1.1/DTD/svg11.dtd" >
   245,./geology/U+004E-CPRMGeologyRegular.svg,<?xml version="1.0" standalone="no"?>,<!DOCTYPE svg PUBLIC "-//W3C//DTD SVG 1.1//EN" "http://www.w3.org/Graphics/SVG/1.1/DTD/svg11.dtd" >
   246,./geology/U+00E5-CPRMGeologyRegular.svg,<?xml version="1.0" standalone="no"?>,<!DOCTYPE svg PUBLIC "-//W3C//DTD SVG 1.1//EN" "http://www.w3.org/Graphics/SVG/1.1/DTD/svg11.dtd" >
   247,./geology/U+00A1-CPRMGeologyRegular.svg,<?xml version="1.0" standalone="no"?>,<!DOCTYPE svg PUBLIC "-//W3C//DTD SVG 1.1//EN" "http://www.w3.org/Graphics/SVG/1.1/DTD/svg11.dtd" >
   248,./geology/U+00C6-CPRMGeologyRegular.svg,<?xml version="1.0" standalone="no"?>,<!DOCTYPE svg PUBLIC "-//W3C//DTD SVG 1.1//EN" "http://www.w3.org/Graphics/SVG/1.1/DTD/svg11.dtd" >
   249,./geology/U+00D7-CPRMGeologyRegular.svg,<?xml version="1.0" standalone="no"?>,<!DOCTYPE svg PUBLIC "-//W3C//DTD SVG 1.1//EN" "http://www.w3.org/Graphics/SVG/1.1/DTD/svg11.dtd" >
   250,./geology/U+005E-CPRMGeologyRegular.svg,<?xml version="1.0" standalone="no"?>,<!DOCTYPE svg PUBLIC "-//W3C//DTD SVG 1.1//EN" "http://www.w3.org/Graphics/SVG/1.1/DTD/svg11.dtd" >
   251,./geology/U+00AE-CPRMGeologyRegular.svg,<?xml version="1.0" standalone="no"?>,<!DOCTYPE svg PUBLIC "-//W3C//DTD SVG 1.1//EN" "http://www.w3.org/Graphics/SVG/1.1/DTD/svg11.dtd" >
   252,./geology/U+0071-CPRMGeologyRegular.svg,<?xml version="1.0" standalone="no"?>,<!DOCTYPE svg PUBLIC "-//W3C//DTD SVG 1.1//EN" "http://www.w3.org/Graphics/SVG/1.1/DTD/svg11.dtd" >
   253,./geology/U+00C0-CPRMGeologyRegular.svg,<?xml version="1.0" standalone="no"?>,<!DOCTYPE svg PUBLIC "-//W3C//DTD SVG 1.1//EN" "http://www.w3.org/Graphics/SVG/1.1/DTD/svg11.dtd" >
   254,./geology/U+00A7-CPRMGeologyRegular.svg,<?xml version="1.0" standalone="no"?>,<!DOCTYPE svg PUBLIC "-//W3C//DTD SVG 1.1//EN" "http://www.w3.org/Graphics/SVG/1.1/DTD/svg11.dtd" >
   255,./geology/U+0039-CPRMGeologyRegular.svg,<?xml version="1.0" standalone="no"?>,<!DOCTYPE svg PUBLIC "-//W3C//DTD SVG 1.1//EN" "http://www.w3.org/Graphics/SVG/1.1/DTD/svg11.dtd" >
   256,./geology/U+00B3-CPRMGeologyRegular.svg,<?xml version="1.0" standalone="no"?>,<!DOCTYPE svg PUBLIC "-//W3C//DTD SVG 1.1//EN" "http://www.w3.org/Graphics/SVG/1.1/DTD/svg11.dtd" >
   257,./geology/U+00B6-CPRMGeologyRegular.svg,<?xml version="1.0" standalone="no"?>,<!DOCTYPE svg PUBLIC "-//W3C//DTD SVG 1.1//EN" "http://www.w3.org/Graphics/SVG/1.1/DTD/svg11.dtd" >
   258,./geology/U+003B-CPRMGeologyRegular.svg,<?xml version="1.0" standalone="no"?>,<!DOCTYPE svg PUBLIC "-//W3C//DTD SVG 1.1//EN" "http://www.w3.org/Graphics/SVG/1.1/DTD/svg11.dtd" >
   259,./geology/U+004B-CPRMGeologyRegular.svg,<?xml version="1.0" standalone="no"?>,<!DOCTYPE svg PUBLIC "-//W3C//DTD SVG 1.1//EN" "http://www.w3.org/Graphics/SVG/1.1/DTD/svg11.dtd" >
   260,./geology/U+002A-CPRMGeologyRegular.svg,<?xml version="1.0" standalone="no"?>,<!DOCTYPE svg PUBLIC "-//W3C//DTD SVG 1.1//EN" "http://www.w3.org/Graphics/SVG/1.1/DTD/svg11.dtd" >
   261,./geology/U+00BD-CPRMGeologyRegular.svg,<?xml version="1.0" standalone="no"?>,<!DOCTYPE svg PUBLIC "-//W3C//DTD SVG 1.1//EN" "http://www.w3.org/Graphics/SVG/1.1/DTD/svg11.dtd" >
   262,./geology/U+007A-CPRMGeologyRegular.svg,<?xml version="1.0" standalone="no"?>,<!DOCTYPE svg PUBLIC "-//W3C//DTD SVG 1.1//EN" "http://www.w3.org/Graphics/SVG/1.1/DTD/svg11.dtd" >
   263,./geology/U+004D-CPRMGeologyRegular.svg,<?xml version="1.0" standalone="no"?>,<!DOCTYPE svg PUBLIC "-//W3C//DTD SVG 1.1//EN" "http://www.w3.org/Graphics/SVG/1.1/DTD/svg11.dtd" >
   264,./geology/U+0031-CPRMGeologyRegular.svg,<?xml version="1.0" standalone="no"?>,<!DOCTYPE svg PUBLIC "-//W3C//DTD SVG 1.1//EN" "http://www.w3.org/Graphics/SVG/1.1/DTD/svg11.dtd" >
   265,./geology/U+0049-CPRMGeologyRegular.svg,<?xml version="1.0" standalone="no"?>,<!DOCTYPE svg PUBLIC "-//W3C//DTD SVG 1.1//EN" "http://www.w3.org/Graphics/SVG/1.1/DTD/svg11.dtd" >
   266,./geology/U+00D5-CPRMGeologyRegular.svg,<?xml version="1.0" standalone="no"?>,<!DOCTYPE svg PUBLIC "-//W3C//DTD SVG 1.1//EN" "http://www.w3.org/Graphics/SVG/1.1/DTD/svg11.dtd" >
   267,./geology/U+00D6-CPRMGeologyRegular.svg,<?xml version="1.0" standalone="no"?>,<!DOCTYPE svg PUBLIC "-//W3C//DTD SVG 1.1//EN" "http://www.w3.org/Graphics/SVG/1.1/DTD/svg11.dtd" >
   268,./geology/U+00D8-CPRMGeologyRegular.svg,<?xml version="1.0" standalone="no"?>,<!DOCTYPE svg PUBLIC "-//W3C//DTD SVG 1.1//EN" "http://www.w3.org/Graphics/SVG/1.1/DTD/svg11.dtd" >
   269,./geology/U+00EF-CPRMGeologyRegular.svg,<?xml version="1.0" standalone="no"?>,<!DOCTYPE svg PUBLIC "-//W3C//DTD SVG 1.1//EN" "http://www.w3.org/Graphics/SVG/1.1/DTD/svg11.dtd" >
   270,./geology/U+0076-CPRMGeologyRegular.svg,<?xml version="1.0" standalone="no"?>,<!DOCTYPE svg PUBLIC "-//W3C//DTD SVG 1.1//EN" "http://www.w3.org/Graphics/SVG/1.1/DTD/svg11.dtd" >
   271,./geology/U+00D1-CPRMGeologyRegular.svg,<?xml version="1.0" standalone="no"?>,<!DOCTYPE svg PUBLIC "-//W3C//DTD SVG 1.1//EN" "http://www.w3.org/Graphics/SVG/1.1/DTD/svg11.dtd" >
   272,./geology/U+00AA-CPRMGeologyRegular.svg,<?xml version="1.0" standalone="no"?>,<!DOCTYPE svg PUBLIC "-//W3C//DTD SVG 1.1//EN" "http://www.w3.org/Graphics/SVG/1.1/DTD/svg11.dtd" >
   273,./geology/U+0050-CPRMGeologyRegular.svg,<?xml version="1.0" standalone="no"?>,<!DOCTYPE svg PUBLIC "-//W3C//DTD SVG 1.1//EN" "http://www.w3.org/Graphics/SVG/1.1/DTD/svg11.dtd" >
   274,./geology/U+00CD-CPRMGeologyRegular.svg,<?xml version="1.0" standalone="no"?>,<!DOCTYPE svg PUBLIC "-//W3C//DTD SVG 1.1//EN" "http://www.w3.org/Graphics/SVG/1.1/DTD/svg11.dtd" >
   275,./geology/U+0058-CPRMGeologyRegular.svg,<?xml version="1.0" standalone="no"?>,<!DOCTYPE svg PUBLIC "-//W3C//DTD SVG 1.1//EN" "http://www.w3.org/Graphics/SVG/1.1/DTD/svg11.dtd" >
   276,./geology/U+004A-CPRMGeologyRegular.svg,<?xml version="1.0" standalone="no"?>,<!DOCTYPE svg PUBLIC "-//W3C//DTD SVG 1.1//EN" "http://www.w3.org/Graphics/SVG/1.1/DTD/svg11.dtd" >
   277,./geology/U+0036-CPRMGeologyRegular.svg,<?xml version="1.0" standalone="no"?>,<!DOCTYPE svg PUBLIC "-//W3C//DTD SVG 1.1//EN" "http://www.w3.org/Graphics/SVG/1.1/DTD/svg11.dtd" >
   278,./geology/U+0037-CPRMGeologyRegular.svg,<?xml version="1.0" standalone="no"?>,<!DOCTYPE svg PUBLIC "-//W3C//DTD SVG 1.1//EN" "http://www.w3.org/Graphics/SVG/1.1/DTD/svg11.dtd" >
   279,./geology/U+00BB-CPRMGeologyRegular.svg,<?xml version="1.0" standalone="no"?>,<!DOCTYPE svg PUBLIC "-//W3C//DTD SVG 1.1//EN" "http://www.w3.org/Graphics/SVG/1.1/DTD/svg11.dtd" >
   280,./geology/U+0064-CPRMGeologyRegular.svg,<?xml version="1.0" standalone="no"?>,<!DOCTYPE svg PUBLIC "-//W3C//DTD SVG 1.1//EN" "http://www.w3.org/Graphics/SVG/1.1/DTD/svg11.dtd" >
   281,./geology/U+00F0-CPRMGeologyRegular.svg,<?xml version="1.0" standalone="no"?>,<!DOCTYPE svg PUBLIC "-//W3C//DTD SVG 1.1//EN" "http://www.w3.org/Graphics/SVG/1.1/DTD/svg11.dtd" >
   282,./geology/U+002D-CPRMGeologyRegular.svg,<?xml version="1.0" standalone="no"?>,<!DOCTYPE svg PUBLIC "-//W3C//DTD SVG 1.1//EN" "http://www.w3.org/Graphics/SVG/1.1/DTD/svg11.dtd" >
   283,./geology/U+005A-CPRMGeologyRegular.svg,<?xml version="1.0" standalone="no"?>,<!DOCTYPE svg PUBLIC "-//W3C//DTD SVG 1.1//EN" "http://www.w3.org/Graphics/SVG/1.1/DTD/svg11.dtd" >
   284,./geology/U+0043-CPRMGeologyRegular.svg,<?xml version="1.0" standalone="no"?>,<!DOCTYPE svg PUBLIC "-//W3C//DTD SVG 1.1//EN" "http://www.w3.org/Graphics/SVG/1.1/DTD/svg11.dtd" >
   285,./geology/U+006D-CPRMGeologyRegular.svg,<?xml version="1.0" standalone="no"?>,<!DOCTYPE svg PUBLIC "-//W3C//DTD SVG 1.1//EN" "http://www.w3.org/Graphics/SVG/1.1/DTD/svg11.dtd" >
   286,./geology/U+00E2-CPRMGeologyRegular.svg,<?xml version="1.0" standalone="no"?>,<!DOCTYPE svg PUBLIC "-//W3C//DTD SVG 1.1//EN" "http://www.w3.org/Graphics/SVG/1.1/DTD/svg11.dtd" >
   287,./geology/U+002C-CPRMGeologyRegular.svg,<?xml version="1.0" standalone="no"?>,<!DOCTYPE svg PUBLIC "-//W3C//DTD SVG 1.1//EN" "http://www.w3.org/Graphics/SVG/1.1/DTD/svg11.dtd" >
   288,./geology/U+00E4-CPRMGeologyRegular.svg,<?xml version="1.0" standalone="no"?>,<!DOCTYPE svg PUBLIC "-//W3C//DTD SVG 1.1//EN" "http://www.w3.org/Graphics/SVG/1.1/DTD/svg11.dtd" >
   289,./geology/U+0025-CPRMGeologyRegular.svg,<?xml version="1.0" standalone="no"?>,<!DOCTYPE svg PUBLIC "-//W3C//DTD SVG 1.1//EN" "http://www.w3.org/Graphics/SVG/1.1/DTD/svg11.dtd" >
   290,./geology/U+00E7-CPRMGeologyRegular.svg,<?xml version="1.0" standalone="no"?>,<!DOCTYPE svg PUBLIC "-//W3C//DTD SVG 1.1//EN" "http://www.w3.org/Graphics/SVG/1.1/DTD/svg11.dtd" >
   291,./geology/U+00DD-CPRMGeologyRegular.svg,<?xml version="1.0" standalone="no"?>,<!DOCTYPE svg PUBLIC "-//W3C//DTD SVG 1.1//EN" "http://www.w3.org/Graphics/SVG/1.1/DTD/svg11.dtd" >
   292,./geology/U+00FC-CPRMGeologyRegular.svg,<?xml version="1.0" standalone="no"?>,<!DOCTYPE svg PUBLIC "-//W3C//DTD SVG 1.1//EN" "http://www.w3.org/Graphics/SVG/1.1/DTD/svg11.dtd" >
   293,./geology/U+003A-CPRMGeologyRegular.svg,<?xml version="1.0" standalone="no"?>,<!DOCTYPE svg PUBLIC "-//W3C//DTD SVG 1.1//EN" "http://www.w3.org/Graphics/SVG/1.1/DTD/svg11.dtd" >
   294,./geology/U+00BE-CPRMGeologyRegular.svg,<?xml version="1.0" standalone="no"?>,<!DOCTYPE svg PUBLIC "-//W3C//DTD SVG 1.1//EN" "http://www.w3.org/Graphics/SVG/1.1/DTD/svg11.dtd" >
   295,./geology/U+0056-CPRMGeologyRegular.svg,<?xml version="1.0" standalone="no"?>,<!DOCTYPE svg PUBLIC "-//W3C//DTD SVG 1.1//EN" "http://www.w3.org/Graphics/SVG/1.1/DTD/svg11.dtd" >
   296,./geology/U+00C7-CPRMGeologyRegular.svg,<?xml version="1.0" standalone="no"?>,<!DOCTYPE svg PUBLIC "-//W3C//DTD SVG 1.1//EN" "http://www.w3.org/Graphics/SVG/1.1/DTD/svg11.dtd" >
   297,./geology/U+00E1-CPRMGeologyRegular.svg,<?xml version="1.0" standalone="no"?>,<!DOCTYPE svg PUBLIC "-//W3C//DTD SVG 1.1//EN" "http://www.w3.org/Graphics/SVG/1.1/DTD/svg11.dtd" >
   298,./geology/U+00DC-CPRMGeologyRegular.svg,<?xml version="1.0" standalone="no"?>,<!DOCTYPE svg PUBLIC "-//W3C//DTD SVG 1.1//EN" "http://www.w3.org/Graphics/SVG/1.1/DTD/svg11.dtd" >
   299,./geology/U+0032-CPRMGeologyRegular.svg,<?xml version="1.0" standalone="no"?>,<!DOCTYPE svg PUBLIC "-//W3C//DTD SVG 1.1//EN" "http://www.w3.org/Graphics/SVG/1.1/DTD/svg11.dtd" >
   300,./geology/U+0078-CPRMGeologyRegular.svg,<?xml version="1.0" standalone="no"?>,<!DOCTYPE svg PUBLIC "-//W3C//DTD SVG 1.1//EN" "http://www.w3.org/Graphics/SVG/1.1/DTD/svg11.dtd" >
   301,./geology/U+00E6-CPRMGeologyRegular.svg,<?xml version="1.0" standalone="no"?>,<!DOCTYPE svg PUBLIC "-//W3C//DTD SVG 1.1//EN" "http://www.w3.org/Graphics/SVG/1.1/DTD/svg11.dtd" >
   302,./geology/U+00BA-CPRMGeologyRegular.svg,<?xml version="1.0" standalone="no"?>,<!DOCTYPE svg PUBLIC "-//W3C//DTD SVG 1.1//EN" "http://www.w3.org/Graphics/SVG/1.1/DTD/svg11.dtd" >
   303,./geology/U+0065-CPRMGeologyRegular.svg,<?xml version="1.0" standalone="no"?>,<!DOCTYPE svg PUBLIC "-//W3C//DTD SVG 1.1//EN" "http://www.w3.org/Graphics/SVG/1.1/DTD/svg11.dtd" >
   304,./geology/U+00A2-CPRMGeologyRegular.svg,<?xml version="1.0" standalone="no"?>,<!DOCTYPE svg PUBLIC "-//W3C//DTD SVG 1.1//EN" "http://www.w3.org/Graphics/SVG/1.1/DTD/svg11.dtd" >
   305,./geology/U+0077-CPRMGeologyRegular.svg,<?xml version="1.0" standalone="no"?>,<!DOCTYPE svg PUBLIC "-//W3C//DTD SVG 1.1//EN" "http://www.w3.org/Graphics/SVG/1.1/DTD/svg11.dtd" >
   306,./geology/U+00AB-CPRMGeologyRegular.svg,<?xml version="1.0" standalone="no"?>,<!DOCTYPE svg PUBLIC "-//W3C//DTD SVG 1.1//EN" "http://www.w3.org/Graphics/SVG/1.1/DTD/svg11.dtd" >
   307,./geology/U+00A6-CPRMGeologyRegular.svg,<?xml version="1.0" standalone="no"?>,<!DOCTYPE svg PUBLIC "-//W3C//DTD SVG 1.1//EN" "http://www.w3.org/Graphics/SVG/1.1/DTD/svg11.dtd" >
   308,./geology/U+00D3-CPRMGeologyRegular.svg,<?xml version="1.0" standalone="no"?>,<!DOCTYPE svg PUBLIC "-//W3C//DTD SVG 1.1//EN" "http://www.w3.org/Graphics/SVG/1.1/DTD/svg11.dtd" >
   309,./geology/U+003F-CPRMGeologyRegular.svg,<?xml version="1.0" standalone="no"?>,<!DOCTYPE svg PUBLIC "-//W3C//DTD SVG 1.1//EN" "http://www.w3.org/Graphics/SVG/1.1/DTD/svg11.dtd" >
   310,./geology/U+00AF-CPRMGeologyRegular.svg,<?xml version="1.0" standalone="no"?>,<!DOCTYPE svg PUBLIC "-//W3C//DTD SVG 1.1//EN" "http://www.w3.org/Graphics/SVG/1.1/DTD/svg11.dtd" >
   311,./geology/U+00DF-CPRMGeologyRegular.svg,<?xml version="1.0" standalone="no"?>,<!DOCTYPE svg PUBLIC "-//W3C//DTD SVG 1.1//EN" "http://www.w3.org/Graphics/SVG/1.1/DTD/svg11.dtd" >
   312,./geology/U+0069-CPRMGeologyRegular.svg,<?xml version="1.0" standalone="no"?>,<!DOCTYPE svg PUBLIC "-//W3C//DTD SVG 1.1//EN" "http://www.w3.org/Graphics/SVG/1.1/DTD/svg11.dtd" >
   313,./geology/U+00A9-CPRMGeologyRegular.svg,<?xml version="1.0" standalone="no"?>,<!DOCTYPE svg PUBLIC "-//W3C//DTD SVG 1.1//EN" "http://www.w3.org/Graphics/SVG/1.1/DTD/svg11.dtd" >
