     5,./stratigraphy-paleontology/U+00AB-CPRMStratigrPaleontRegular.svg,<?xml version="1.0" encoding="UTF-8" standalone="no"?>,<!-- Created with Inkscape (http://www.inkscape.org/) -->
     7,./stratigraphy-paleontology/U+00A9-CPRMStratigrPaleontRegular.svg,<?xml version="1.0" encoding="UTF-8" standalone="no"?>,<!-- Created with Inkscape (http://www.inkscape.org/) -->
     8,./stratigraphy-paleontology/U+00D9-CPRMStratigrPaleontRegular.svg,<?xml version="1.0" encoding="UTF-8" standalone="no"?>,<!-- Created with Inkscape (http://www.inkscape.org/) -->
     9,./stratigraphy-paleontology/U+00A6-CPRMStratigrPaleontRegular.svg,<?xml version="1.0" encoding="UTF-8" standalone="no"?>,<!-- Created with Inkscape (http://www.inkscape.org/) -->
    12,./stratigraphy-paleontology/U+00B9-CPRMStratigrPaleontRegular.svg,<?xml version="1.0" encoding="UTF-8" standalone="no"?>,<!-- Created with Inkscape (http://www.inkscape.org/) -->
    26,./stratigraphy-paleontology/U+00BC-CPRMStratigrPaleontRegular.svg,<?xml version="1.0" encoding="UTF-8" standalone="no"?>,<!-- Created with Inkscape (http://www.inkscape.org/) -->
    32,./stratigraphy-paleontology/U+00C2-CPRMStratigrPaleontRegular.svg,<?xml version="1.0" encoding="UTF-8" standalone="no"?>,<!-- Created with Inkscape (http://www.inkscape.org/) -->
    35,./stratigraphy-paleontology/U+00C8-CPRMStratigrPaleontRegular.svg,<?xml version="1.0" encoding="UTF-8" standalone="no"?>,<!-- Created with Inkscape (http://www.inkscape.org/) -->
    39,./stratigraphy-paleontology/U+00D8-CPRMStratigrPaleontRegular.svg,<?xml version="1.0" encoding="UTF-8" standalone="no"?>,<!-- Created with Inkscape (http://www.inkscape.org/) -->
    44,./stratigraphy-paleontology/U+00AA-CPRMStratigrPaleontRegular.svg,<?xml version="1.0" encoding="UTF-8" standalone="no"?>,<!-- Created with Inkscape (http://www.inkscape.org/) -->
    53,./stratigraphy-paleontology/U+00A5-CPRMStratigrPaleontRegular.svg,<?xml version="1.0" encoding="UTF-8" standalone="no"?>,<!-- Created with Inkscape (http://www.inkscape.org/) -->
    54,./stratigraphy-paleontology/U+00A8-CPRMStratigrPaleontRegular.svg,<?xml version="1.0" encoding="UTF-8" standalone="no"?>,<!-- Created with Inkscape (http://www.inkscape.org/) -->
    58,./stratigraphy-paleontology/U+00D5-CPRMStratigrPaleontRegular.svg,<?xml version="1.0" encoding="UTF-8" standalone="no"?>,<!-- Created with Inkscape (http://www.inkscape.org/) -->
    61,./stratigraphy-paleontology/U+00C3-CPRMStratigrPaleontRegular.svg,<?xml version="1.0" encoding="UTF-8" standalone="no"?>,<!-- Created with Inkscape (http://www.inkscape.org/) -->
    64,./stratigraphy-paleontology/U+00DA-CPRMStratigrPaleontRegular.svg,<?xml version="1.0" encoding="UTF-8" standalone="no"?>,<!-- Created with Inkscape (http://www.inkscape.org/) -->
    66,./stratigraphy-paleontology/U+00CF-CPRMStratigrPaleontRegular.svg,<?xml version="1.0" encoding="UTF-8" standalone="no"?>,<!-- Created with Inkscape (http://www.inkscape.org/) -->
    73,./stratigraphy-paleontology/U+00DB-CPRMStratigrPaleontRegular.svg,<?xml version="1.0" encoding="UTF-8" standalone="no"?>,<!-- Created with Inkscape (http://www.inkscape.org/) -->
    75,./stratigraphy-paleontology/U+00C1-CPRMStratigrPaleontRegular.svg,<?xml version="1.0" encoding="UTF-8" standalone="no"?>,<!-- Created with Inkscape (http://www.inkscape.org/) -->
    90,./stratigraphy-paleontology/U+00A4-CPRMStratigrPaleontRegular.svg,<?xml version="1.0" encoding="UTF-8" standalone="no"?>,<!-- Created with Inkscape (http://www.inkscape.org/) -->
    92,./stratigraphy-paleontology/U+00A1-CPRMStratigrPaleontRegular.svg,<?xml version="1.0" encoding="UTF-8" standalone="no"?>,<!-- Created with Inkscape (http://www.inkscape.org/) -->
    94,./stratigraphy-paleontology/U+00B8-CPRMStratigrPaleontRegular.svg,<?xml version="1.0" encoding="UTF-8" standalone="no"?>,<!-- Created with Inkscape (http://www.inkscape.org/) -->
   101,./stratigraphy-paleontology/U+00A7-CPRMStratigrPaleontRegular.svg,<?xml version="1.0" encoding="UTF-8" standalone="no"?>,<!-- Created with Inkscape (http://www.inkscape.org/) -->
   113,./stratigraphy-paleontology/U+00CC-CPRMStratigrPaleontRegular.svg,<?xml version="1.0" encoding="UTF-8" standalone="no"?>,<!-- Created with Inkscape (http://www.inkscape.org/) -->
   114,./stratigraphy-paleontology/U+00D7-CPRMStratigrPaleontRegular.svg,<?xml version="1.0" encoding="UTF-8" standalone="no"?>,<!-- Created with Inkscape (http://www.inkscape.org/) -->
   117,./stratigraphy-paleontology/U+00BA-CPRMStratigrPaleontRegular.svg,<?xml version="1.0" encoding="UTF-8" standalone="no"?>,<!-- Created with Inkscape (http://www.inkscape.org/) -->
   121,./stratigraphy-paleontology/U+00AC-CPRMStratigrPaleontRegular.svg,<?xml version="1.0" encoding="UTF-8" standalone="no"?>,<!-- Created with Inkscape (http://www.inkscape.org/) -->
   123,./stratigraphy-paleontology/U+00CE-CPRMStratigrPaleontRegular.svg,<?xml version="1.0" encoding="UTF-8" standalone="no"?>,<!-- Created with Inkscape (http://www.inkscape.org/) -->
